[31m2021-09-15T21:17:10.220731Z[0m[31m [0m[31merror[0m[31m [0m[31mmsg[0m[31m=[0m[31m"error retrieving pod status: pod inc-1-enh-domain-c14-ns-2/hello-inc-1-enh-domain-c14-ns-2-3-d8f465685-k75gp is not found: PodNotFound"[0m[31m [0m[31mnamespace[0m[31m=inc-1-enh-domain-c14-ns-2 [0m[31mpod[0m[31m=hello-inc-1-enh-domain-c14-ns-2-3-d8f465685-k75gp [0m[31mreason[0m[31m= [0m[31mstatus[0m[31m=Pending[0m
[33m2021-09-15T21:17:11.674149Z[0m[33m [0m[33mwarning[0m[33m [0m[33mmsg[0m[33m=[0m[33m"Failed to DeletePod in the provider"[0m[33m [0m[33merror[0m[33m="pod inc-1-domain-c14-ns-6/fe-inc-1-domain-c14-ns-6-5-656d9bb695-4584b is not found: PodNotFound" [0m[33mnamespace[0m[33m=inc-1-domain-c14-ns-6 [0m[33mpod[0m[33m=fe-inc-1-domain-c14-ns-6-5-656d9bb695-4584b [0m[33muid[0m[33m=be2def59-3a08-42fd-8f84-6f64cfcefa93[0m
2021-09-15T21:17:11.678991Z info msg="DeletionGracePeriodSeconds set to 0" namespace=inc-1-domain-c14-ns-6 pod=fe-inc-1-domain-c14-ns-6-5-656d9bb695-4584b uid=be2def59-3a08-42fd-8f84-6f64cfcefa93
2021-09-15T21:17:11.679036Z info msg="Pod deleted" namespace=inc-1-domain-c14-ns-6 pod=fe-inc-1-domain-c14-ns-6-5-656d9bb695-4584b uid=be2def59-3a08-42fd-8f84-6f64cfcefa93
[31m2021-09-15T21:18:20.335825Z[0m[31m [0m[31merror[0m[31m [0m[31mmsg[0m[31m=[0m[31m"error retrieving pod status: pod inc-1-enh-domain-c14-ns-2/hello-inc-1-enh-domain-c14-ns-2-7-5ddd6bcd69-6rqct is not found: PodNotFound"[0m[31m [0m[31mnamespace[0m[31m=inc-1-enh-domain-c14-ns-2 [0m[31mpod[0m[31m=hello-inc-1-enh-domain-c14-ns-2-7-5ddd6bcd69-6rqct [0m[31mreason[0m[31m= [0m[31mstatus[0m[31m=Pending[0m
